DATABASE_URL Env Var: FOUND
Value starts with: postgresql://po
E:\Quantumdraft\node_modules\@prisma\client\src\runtime\utils\validatePrismaClientOptions.ts:229
    throw new PrismaClientConstructorValidationError(
          ^


PrismaClientConstructorValidationError: Using engine type "client" requires either "adapter" or "accelerateUrl" to be provided to PrismaClient constructor.
Read more at https://pris.ly/d/client-constructor
    at validateDependentOptions (E:\Quantumdraft\node_modules\@prisma\client\src\runtime\utils\validatePrismaClientOptions.ts:229:11)
    at validatePrismaClientOptions (E:\Quantumdraft\node_modules\@prisma\client\src\runtime\utils\validatePrismaClientOptions.ts:246:3)
    at new t (E:\Quantumdraft\node_modules\@prisma\client\src\runtime\getPrismaClient.ts:281:7)
    at <anonymous> (E:\Quantumdraft\test-env.ts:6:16)
    at ModuleJob.run (node:internal/modules/esm/module_job:271:25)
    at async onImport.tracePromise.__proto__ (node:internal/modules/esm/loader:578:26)
    at async asyncRunEntryPointWithESMLoader (node:internal/modules/run_main:116:5)

Node.js v22.14.0
